[adminlte.io/themes/v4/index.html]
[backblue.gif]
[fade.gif]
[index.html]
[adminlte.io/themes/v4/css/adminlte.css]
[cdn.jsdelivr.net/npm/@fontsource/source-sans-3@5.0.12/index.css]
[cdn.jsdelivr.net/npm/overlayscrollbars@2.11.0/styles/overlayscrollbars.min.css]
[cdn.jsdelivr.net/npm/bootstrap-icons@1.13.1/font/bootstrap-icons.min.css]
[cdn.jsdelivr.net/npm/apexcharts@3.37.1/dist/apexcharts.css]
[cdn.jsdelivr.net/npm/jsvectormap@1.5.3/dist/css/jsvectormap.min.css]
[adminlte.io/themes/v4/docs/introduction.html]
[adminlte.io/themes/v4/assets/img/user1-128x128.jpg]
[adminlte.io/themes/v4/assets/img/user8-128x128.jpg]
[adminlte.io/themes/v4/assets/img/user3-128x128.jpg]
[adminlte.io/themes/v4/assets/img/user2-160x160.jpg]
[adminlte.io/themes/v4/assets/img/AdminLTELogo.png]
[adminlte.io/themes/v4/index2.html]
[adminlte.io/themes/v4/index3.html]
[adminlte.io/themes/v4/generate/theme.html]
[adminlte.io/themes/v4/widgets/small-box.html]
[adminlte.io/themes/v4/widgets/info-box.html]
[adminlte.io/themes/v4/widgets/cards.html]
[adminlte.io/themes/v4/layout/unfixed-sidebar.html]
[adminlte.io/themes/v4/layout/fixed-sidebar.html]
[adminlte.io/themes/v4/layout/fixed-header.html]
[adminlte.io/themes/v4/layout/fixed-footer.html]
[adminlte.io/themes/v4/layout/fixed-complete.html]
[adminlte.io/themes/v4/layout/layout-custom-area.html]
[adminlte.io/themes/v4/layout/sidebar-mini.html]
[adminlte.io/themes/v4/layout/collapsed-sidebar.html]
[adminlte.io/themes/v4/layout/collapsed-sidebar-without-hover.html]
[adminlte.io/themes/v4/layout/logo-switch.html]
[adminlte.io/themes/v4/layout/layout-rtl.html]
[adminlte.io/themes/v4/UI/general.html]
[adminlte.io/themes/v4/UI/icons.html]
[adminlte.io/themes/v4/UI/timeline.html]
[adminlte.io/themes/v4/mailbox/inbox.html]
[adminlte.io/themes/v4/mailbox/read.html]
[adminlte.io/themes/v4/mailbox/compose.html]
[adminlte.io/themes/v4/forms/elements.html]
[adminlte.io/themes/v4/forms/layout.html]
[adminlte.io/themes/v4/forms/validation.html]
[adminlte.io/themes/v4/forms/wizard.html]
[adminlte.io/themes/v4/tables/simple.html]
[adminlte.io/themes/v4/tables/data.html]
[adminlte.io/themes/v4/pages/profile.html]
[adminlte.io/themes/v4/pages/settings.html]
[adminlte.io/themes/v4/pages/invoice.html]
[adminlte.io/themes/v4/pages/calendar.html]
[adminlte.io/themes/v4/pages/kanban.html]
[adminlte.io/themes/v4/pages/chat.html]
[adminlte.io/themes/v4/pages/file-manager.html]
[adminlte.io/themes/v4/pages/projects.html]
[adminlte.io/themes/v4/pages/pricing.html]
[adminlte.io/themes/v4/pages/faq.html]
[adminlte.io/themes/v4/pages/404.html]
[adminlte.io/themes/v4/pages/500.html]
[adminlte.io/themes/v4/pages/maintenance.html]
[adminlte.io/themes/v4/examples/login.html]
[adminlte.io/themes/v4/examples/register.html]
[adminlte.io/themes/v4/examples/login-v2.html]
[adminlte.io/themes/v4/examples/register-v2.html]
[adminlte.io/themes/v4/examples/lockscreen.html]
[adminlte.io/themes/v4/assets/img/user7-128x128.jpg]
[adminlte.io/themes/v4/assets/img/user5-128x128.jpg]
[adminlte.io/themes/v4/assets/img/user6-128x128.jpg]
[cdn.jsdelivr.net/npm/overlayscrollbars@2.11.0/browser/overlayscrollbars.browser.es6.min.js]
[cdn.jsdelivr.net/npm/@popperjs/core@2.11.8/dist/umd/popper.min.js]
[cdn.jsdelivr.net/npm/bootstrap@5.3.7/dist/js/bootstrap.min.js]
[adminlte.io/themes/v4/js/adminlte.js]
[cdn.jsdelivr.net/npm/sortablejs@1.15.0/Sortable.min.js]
[cdn.jsdelivr.net/npm/apexcharts@3.37.1/dist/apexcharts.min.js]
[cdn.jsdelivr.net/npm/jsvectormap@1.5.3/dist/js/jsvectormap.min.js]
[adminlte.io/themes/v4/index.html]
[adminlte.io/themes/v4/css/adminlte.css]
[cdn.jsdelivr.net/npm/jsvectormap@1.5.3/dist/maps/world.js]
[cdn.jsdelivr.net/npm/@fontsource/source-sans-3@5.0.12/files/source-sans-3-cyrillic-ext-400-normal.woff2]
[cdn.jsdelivr.net/npm/@fontsource/source-sans-3@5.0.12/files/source-sans-3-cyrillic-ext-400-normal.woff]
[cdn.jsdelivr.net/npm/@fontsource/source-sans-3@5.0.12/files/source-sans-3-cyrillic-400-normal.woff2]
[cdn.jsdelivr.net/npm/@fontsource/source-sans-3@5.0.12/files/source-sans-3-cyrillic-400-normal.woff]
[cdn.jsdelivr.net/npm/@fontsource/source-sans-3@5.0.12/files/source-sans-3-greek-ext-400-normal.woff2]
[cdn.jsdelivr.net/npm/@fontsource/source-sans-3@5.0.12/files/source-sans-3-greek-ext-400-normal.woff]
[cdn.jsdelivr.net/npm/@fontsource/source-sans-3@5.0.12/files/source-sans-3-greek-400-normal.woff2]
[cdn.jsdelivr.net/npm/@fontsource/source-sans-3@5.0.12/files/source-sans-3-greek-400-normal.woff]
[cdn.jsdelivr.net/npm/@fontsource/source-sans-3@5.0.12/files/source-sans-3-vietnamese-400-normal.woff2]
[cdn.jsdelivr.net/npm/@fontsource/source-sans-3@5.0.12/files/source-sans-3-vietnamese-400-normal.woff]
[cdn.jsdelivr.net/npm/@fontsource/source-sans-3@5.0.12/files/source-sans-3-latin-ext-400-normal.woff2]
[cdn.jsdelivr.net/npm/@fontsource/source-sans-3@5.0.12/files/source-sans-3-latin-ext-400-normal.woff]
[cdn.jsdelivr.net/npm/@fontsource/source-sans-3@5.0.12/files/source-sans-3-latin-400-normal.woff2]
[cdn.jsdelivr.net/npm/@fontsource/source-sans-3@5.0.12/files/source-sans-3-latin-400-normal.woff]
[cdn.jsdelivr.net/npm/@fontsource/source-sans-3@5.0.12/index.css]
[cdn.jsdelivr.net/npm/overlayscrollbars@2.11.0/styles/overlayscrollbars.min.css]
[cdn.jsdelivr.net/npm/bootstrap-icons@1.13.1/font/fonts/bootstrap-icons04d5.woff2]
[cdn.jsdelivr.net/npm/bootstrap-icons@1.13.1/font/fonts/bootstrap-icons04d5.woff]
[cdn.jsdelivr.net/npm/bootstrap-icons@1.13.1/font/bootstrap-icons.min.css]
[cdn.jsdelivr.net/npm/apexcharts@3.37.1/dist/apexcharts.css]
[cdn.jsdelivr.net/npm/jsvectormap@1.5.3/dist/css/jsvectormap.min.css]
[adminlte.io/cdn-cgi/zaraz/sd0d9.js]
[adminlte.io/themes/v4/docs/getting-started.html]
[adminlte.io/themes/v4/docs/layout.html]
[adminlte.io/themes/v4/docs/layout-blueprint.html]
[adminlte.io/themes/v4/docs/customization.html]
[adminlte.io/themes/v4/docs/color-mode.html]
[adminlte.io/themes/v4/docs/rtl.html]
[adminlte.io/themes/v4/docs/recipes.html]
[adminlte.io/themes/v4/docs/components/main-header.html]
[adminlte.io/themes/v4/docs/components/main-sidebar.html]
[adminlte.io/themes/v4/docs/javascript/plugins-overview.html]
[adminlte.io/themes/v4/docs/javascript/layout.html]
[adminlte.io/themes/v4/docs/javascript/pushmenu.html]
[adminlte.io/themes/v4/docs/javascript/treeview.html]
[adminlte.io/themes/v4/docs/javascript/card-widget.html]
[adminlte.io/themes/v4/docs/javascript/direct-chat.html]
[adminlte.io/themes/v4/docs/javascript/fullscreen.html]
[adminlte.io/themes/v4/docs/javascript/accessibility.html]
[adminlte.io/themes/v4/docs/integrations.html]
[adminlte.io/themes/v4/docs/migration.html]
[adminlte.io/themes/v4/docs/deployment.html]
[adminlte.io/themes/v4/docs/browser-support.html]
[adminlte.io/themes/v4/docs/faq.html]
[adminlte.io/themes/v4/docs/how-to-contribute.html]
[adminlte.io/themes/v4/docs/license.html]
[adminlte.io/themes/v4/docs/introduction.html]
[adminlte.io/cdn-cgi/scripts/5c5dd728/cloudflare-static/email-decode.min.js]
[adminlte.io/themes/v4/assets/img/user4-128x128.jpg]
[adminlte.io/themes/v4/pages/examples/invoice.html]
[adminlte.io/themes/v4/assets/img/default-150x150.png]
[adminlte.io/themes/v4/index2.html]
[adminlte.io/themes/v4/index3.html]
[adminlte.io/themes/v4/generate/theme.html]
[adminlte.io/themes/v4/widgets/small-box.html]
[adminlte.io/themes/v4/widgets/info-box.html]
[adminlte.io/themes/v4/widgets/cards.html]
[adminlte.io/themes/v4/layout/unfixed-sidebar.html]
[adminlte.io/themes/v4/layout/fixed-sidebar.html]
[adminlte.io/themes/v4/layout/fixed-header.html]
[adminlte.io/themes/v4/layout/fixed-footer.html]
[adminlte.io/themes/v4/layout/fixed-complete.html]
[adminlte.io/themes/v4/layout/layout-custom-area.html]
[adminlte.io/themes/v4/layout/sidebar-mini.html]
[adminlte.io/themes/v4/layout/collapsed-sidebar.html]
[adminlte.io/themes/v4/layout/collapsed-sidebar-without-hover.html]
[adminlte.io/themes/v4/assets/img/AdminLTEFullLogo.png]
[adminlte.io/themes/v4/layout/logo-switch.html]
[adminlte.io/themes/v4/layout/layout-rtl.html]
[adminlte.io/themes/v4/UI/general.html]
[adminlte.io/themes/v4/UI/icons.html]
[adminlte.io/themes/v4/UI/timeline.html]
[adminlte.io/themes/v4/mailbox/inbox.html]
[adminlte.io/themes/v4/mailbox/read.html]
[adminlte.io/themes/v4/mailbox/compose.html]
[adminlte.io/themes/v4/forms/elements.html]
[adminlte.io/themes/v4/forms/layout.html]
[adminlte.io/themes/v4/forms/validation.html]
[adminlte.io/themes/v4/forms/wizard.html]
[adminlte.io/themes/v4/tables/simple.html]
[adminlte.io/themes/v4/css/adminlte.rtl.css]
[cdn.jsdelivr.net/npm/tabulator-tables@6.4.0/dist/css/tabulator_bootstrap5.min.css]
[adminlte.io/themes/v4/tables/data.html]
[adminlte.io/themes/v4/pages/profile.html]
[adminlte.io/themes/v4/pages/settings.html]
[adminlte.io/themes/v4/pages/invoice.html]
[cdn.jsdelivr.net/npm/tabulator-tables@6.4.0/dist/js/tabulator.min.js]
[adminlte.io/themes/v4/pages/calendar.html]
[cdn.jsdelivr.net/npm/fullcalendar@6.1.20/index.global.min.js]
[cdn.jsdelivr.net/npm/sortablejs@1.15.7/Sortable.min.js]
[adminlte.io/themes/v4/pages/kanban.html]
[adminlte.io/themes/v4/pages/chat.html]
[adminlte.io/themes/v4/pages/file-manager.html]
[adminlte.io/themes/v4/pages/projects.html]
[adminlte.io/themes/v4/pages/pricing.html]
[adminlte.io/themes/v4/pages/faq.html]
[adminlte.io/themes/v4/pages/404.html]
[adminlte.io/themes/v4/pages/500.html]
[adminlte.io/themes/v4/pages/maintenance.html]
[adminlte.io/themes/v4/examples/forgot-password.html]
[adminlte.io/themes/v4/examples/login.html]
[adminlte.io/themes/v4/examples/register.html]
[adminlte.io/themes/v4/examples/login-v2.html]
[adminlte.io/themes/v4/examples/register-v2.html]
[adminlte.io/themes/v4/examples/lockscreen.html]
[adminlte.io/themes/v4/docs/getting-started.html]
[adminlte.io/themes/v4/docs/layout.html]
[adminlte.io/themes/v4/docs/layout-blueprint.html]
[adminlte.io/themes/v4/docs/customization.html]
[adminlte.io/themes/v4/docs/color-mode.html]
[adminlte.io/themes/v4/docs/rtl.html]
[adminlte.io/themes/v4/docs/recipes.html]
[adminlte.io/themes/v4/docs/components/main-header.html]
[adminlte.io/themes/v4/docs/components/main-sidebar.html]
[adminlte.io/themes/v4/docs/javascript/plugins-overview.html]
[adminlte.io/themes/v4/docs/javascript/layout.html]
[adminlte.io/themes/v4/docs/javascript/pushmenu.html]
[adminlte.io/themes/v4/docs/javascript/treeview.html]
[adminlte.io/themes/v4/docs/javascript/card-widget.html]
[adminlte.io/themes/v4/docs/javascript/direct-chat.html]
[adminlte.io/themes/v4/docs/javascript/fullscreen.html]
[adminlte.io/themes/v4/docs/javascript/accessibility.html]
[adminlte.io/themes/v4/docs/integrations.html]
[adminlte.io/themes/v4/docs/migration.html]
[adminlte.io/themes/v4/docs/deployment.html]
[adminlte.io/themes/v4/docs/browser-support.html]
[adminlte.io/themes/v4/docs/faq.html]
[adminlte.io/themes/v4/docs/how-to-contribute.html]
[adminlte.io/themes/v4/docs/license.html]
[adminlte.io/themes/v4/pages/examples/invoice.html]
[adminlte.io/themes/v4/css/adminlte.rtl.css]
[cdn.jsdelivr.net/npm/tabulator-tables@6.4.0/dist/css/tabulator_bootstrap5.min.css]
[adminlte.io/themes/v4/examples/forgot-password.html]
