[themewagon.github.io/gymlife/index.html]
[backblue.gif]
[fade.gif]
[index.html]
[themewagon.github.io/gymlife/css/bootstrap.min.css]
[themewagon.github.io/gymlife/css/font-awesome.min.css]
[themewagon.github.io/gymlife/css/flaticon.css]
[themewagon.github.io/gymlife/css/owl.carousel.min.css]
[themewagon.github.io/gymlife/css/barfiller.css]
[themewagon.github.io/gymlife/css/magnific-popup.css]
[themewagon.github.io/gymlife/css/slicknav.min.css]
[themewagon.github.io/gymlife/css/style.css]
[themewagon.github.io/gymlife/index-2.html]
[themewagon.github.io/gymlife/about-us.html]
[themewagon.github.io/gymlife/classes.html]
[themewagon.github.io/gymlife/services.html]
[themewagon.github.io/gymlife/team.html]
[themewagon.github.io/gymlife/class-timetable.html]
[themewagon.github.io/gymlife/bmi-calculator.html]
[themewagon.github.io/gymlife/gallery.html]
[themewagon.github.io/gymlife/blog.html]
[themewagon.github.io/gymlife/404.html]
[themewagon.github.io/gymlife/contact.html]
[themewagon.github.io/gymlife/img/logo.png]
[themewagon.github.io/gymlife/class-details.html]
[themewagon.github.io/gymlife/img/hero/hero-1.jpg]
[themewagon.github.io/gymlife/img/hero/hero-2.jpg]
[themewagon.github.io/gymlife/img/classes/class-1.jpg]
[themewagon.github.io/gymlife/img/classes/class-2.jpg]
[themewagon.github.io/gymlife/img/classes/class-3.jpg]
[themewagon.github.io/gymlife/img/classes/class-4.jpg]
[themewagon.github.io/gymlife/img/classes/class-5.jpg]
[themewagon.github.io/gymlife/img/banner-bg.jpg]
[themewagon.github.io/gymlife/img/gallery/gallery-1.jpg]
[themewagon.github.io/gymlife/img/gallery/gallery-2.jpg]
[themewagon.github.io/gymlife/img/gallery/gallery-3.jpg]
[themewagon.github.io/gymlife/img/gallery/gallery-4.jpg]
[themewagon.github.io/gymlife/img/gallery/gallery-5.jpg]
[themewagon.github.io/gymlife/img/gallery/gallery-6.jpg]
[themewagon.github.io/gymlife/img/team/team-1.jpg]
[themewagon.github.io/gymlife/img/team/team-2.jpg]
[themewagon.github.io/gymlife/img/team/team-3.jpg]
[themewagon.github.io/gymlife/img/team/team-4.jpg]
[themewagon.github.io/gymlife/img/team/team-5.jpg]
[themewagon.github.io/gymlife/img/team/team-6.jpg]
[themewagon.github.io/gymlife/js/jquery-3.3.1.min.js]
[themewagon.github.io/gymlife/js/bootstrap.min.js]
[themewagon.github.io/gymlife/js/jquery.magnific-popup.min.js]
[themewagon.github.io/gymlife/js/masonry.pkgd.min.js]
[themewagon.github.io/gymlife/js/jquery.barfiller.js]
[themewagon.github.io/gymlife/js/jquery.slicknav.js]
[themewagon.github.io/gymlife/js/owl.carousel.min.js]
[themewagon.github.io/gymlife/js/main.js]
[themewagon.github.io/gymlife/index.html]
[themewagon.github.io/gymlife/css/bootstrap.min.css]
[themewagon.github.io/gymlife/fonts/fontawesome-webfont3e6e.eot]
[themewagon.github.io/gymlife/fonts/fontawesome-webfontd41d.eot]
[themewagon.github.io/gymlife/fonts/fontawesome-webfont3e6e.woff2]
[themewagon.github.io/gymlife/fonts/fontawesome-webfont3e6e.woff]
[themewagon.github.io/gymlife/fonts/fontawesome-webfont3e6e.ttf]
[themewagon.github.io/gymlife/css/font-awesome.min.css]
[themewagon.github.io/gymlife/fonts/fontawesome-webfont3e6e.svg]
[themewagon.github.io/gymlife/fonts/Flaticon.eot]
[themewagon.github.io/gymlife/fonts/Flaticond41d.eot]
[themewagon.github.io/gymlife/fonts/Flaticon.woff2]
[themewagon.github.io/gymlife/fonts/Flaticon.woff]
[themewagon.github.io/gymlife/fonts/Flaticon.ttf]
[themewagon.github.io/gymlife/css/flaticon.css]
[themewagon.github.io/gymlife/fonts/Flaticon.svg]
[themewagon.github.io/gymlife/css/owl.video.play.png]
[themewagon.github.io/gymlife/css/owl.carousel.min.css]
[themewagon.github.io/gymlife/css/barfiller.css]
[themewagon.github.io/gymlife/css/magnific-popup.css]
[themewagon.github.io/gymlife/css/slicknav.min.css]
[themewagon.github.io/gymlife/css/style.css]
[themewagon.github.io/gymlife/index-2.html]
[themewagon.github.io/gymlife/img/breadcrumb-bg.jpg]
[themewagon.github.io/gymlife/img/about-us.jpg]
[themewagon.github.io/gymlife/img/testimonial/testimonial-1.jpg]
[themewagon.github.io/gymlife/img/testimonial/testimonial-2.jpg]
[themewagon.github.io/gymlife/about-us.html]
[themewagon.github.io/gymlife/classes.html]
[themewagon.github.io/gymlife/img/services/services-1.jpg]
[themewagon.github.io/gymlife/img/services/services-2.jpg]
[themewagon.github.io/gymlife/img/services/services-4.jpg]
[themewagon.github.io/gymlife/img/services/services-3.jpg]
[themewagon.github.io/gymlife/services.html]
[themewagon.github.io/gymlife/team.html]
[themewagon.github.io/gymlife/class-timetable.html]
[themewagon.github.io/gymlife/bmi-calculator.html]
[themewagon.github.io/gymlife/img/gallery/gallery-7.jpg]
[themewagon.github.io/gymlife/img/gallery/gallery-8.jpg]
[themewagon.github.io/gymlife/img/gallery/gallery-9.jpg]
[themewagon.github.io/gymlife/gallery.html]
[themewagon.github.io/gymlife/img/blog/blog-1.jpg]
[themewagon.github.io/gymlife/blog-details.html]
[themewagon.github.io/gymlife/img/blog/blog-2.jpg]
[themewagon.github.io/gymlife/img/blog/blog-3.jpg]
[themewagon.github.io/gymlife/img/blog/blog-4.jpg]
[themewagon.github.io/gymlife/img/blog/blog-5.jpg]
[themewagon.github.io/gymlife/img/letest-blog/latest-1.jpg]
[themewagon.github.io/gymlife/img/letest-blog/latest-2.jpg]
[themewagon.github.io/gymlife/img/letest-blog/latest-3.jpg]
[themewagon.github.io/gymlife/img/letest-blog/latest-4.jpg]
[themewagon.github.io/gymlife/img/letest-blog/latest-5.jpg]
[themewagon.github.io/gymlife/blog.html]
[themewagon.github.io/gymlife/404.html]
[themewagon.github.io/gymlife/contact.html]
[themewagon.github.io/gymlife/img/classes/class-details/class-detailsl.jpg]
[themewagon.github.io/gymlife/img/classes/class-details/trainer-profile.jpg]
[themewagon.github.io/gymlife/img/sidebar-banner.jpg]
[themewagon.github.io/gymlife/class-details.html]
[themewagon.github.io/gymlife/fonts/fontawesome-webfont3e6e.svg]
[themewagon.github.io/gymlife/fonts/Flaticon.svg]
[themewagon.github.io/gymlife/css/owl.video.play.html]
[themewagon.github.io/gymlife/img/blog/details/details-hero.jpg]
[themewagon.github.io/gymlife/img/blog/details/details-1.jpg]
[themewagon.github.io/gymlife/img/blog/details/details-2.jpg]
[themewagon.github.io/gymlife/img/blog/details/quote-left.png]
[themewagon.github.io/gymlife/img/blog/details/blog-profile.jpg]
[themewagon.github.io/gymlife/img/blog/details/comment-1.jpg]
[themewagon.github.io/gymlife/img/blog/details/comment-2.jpg]
[themewagon.github.io/gymlife/img/blog/details/comment-3.jpg]
[themewagon.github.io/gymlife/blog-details.html]
